k{skkk{ssk{ssk{{c{cs{sks{kssksk{{s{s{s{ksksssss{{{kk{s{ksc{skc{sc{{s{s{{kssksc{cck{ss{s{{csc{sskccs{kksks{{k{{c{kcs{{k{{{k{{{k{{ssZkkkkkc{sc{{k{ckksskckk{ccsccs{c{kZkskZc{sss{{sc{kkkscscckssZ{ssZcsZcckcck{cs{Jsc{ck{{k{k{skkkkksck